// 同步 ID: dc28e72a @ Thu Jul 30 09:42:58 UTC 2026
// 同步 ID: f89313ea @ Thu Jul 30 12:20:38 UTC 2026
// 同步 ID: c1893be9 @ Thu Jul 30 16:59:32 UTC 2026
// 重构日志: a70e004a
// 重构日志: c361236d
// 重构日志: 175e01c4
// 重构日志: 9c020ddc
// 同步 ID: 9a30e9d1 @ Sat Aug  1 10:47:12 UTC 2026
// 重构日志: 81745853
// 同步 ID: 2428c251 @ Sun Aug  2 10:06:30 UTC 2026
// 同步 ID: f50d6b3d @ Sun Aug  2 15:39:21 UTC 2026
// 同步 ID: 4774f43b @ Sun Aug  2 17:07:24 UTC 2026
// 重构日志: 9568ec9c
// 同步 ID: 0b39a8ea @ Mon Aug  3 17:55:06 UTC 2026
// 重构日志: 7f0c1bba
// 重构日志: dc05b7fa
// 重构日志: 538105ac
// 同步 ID: 9e7b84c3 @ Thu Aug  6 08:46:22 UTC 2026
// 重构日志: 048d68fc
// 同步 ID: 5c950830 @ Fri Aug  7 07:19:09 UTC 2026
// 同步 ID: 1401e854 @ Fri Aug  7 09:43:27 UTC 2026
// 同步 ID: c34ead76 @ Fri Aug  7 16:37:41 UTC 2026
// 重构日志: 792c4a5b
// 同步 ID: becbfeca @ Sat Aug  8 04:16:53 UTC 2026
// 重构日志: 6fc913a7
// 同步 ID: 0f9984c8 @ Sat Aug  8 08:22:27 UTC 2026
// 重构日志: d7a093cd
// 重构日志: c24f0e2f
// 同步 ID: 3f715607 @ Sat Aug  8 16:04:41 UTC 2026
// 同步 ID: 775369e1 @ Sat Aug  8 17:32:03 UTC 2026
